Archive member included to satisfy reference by file (symbol)

c:/program files (x86)/atmel/studio/7.0/toolchain/avr8/avr8-gnu-toolchain/bin/../lib/gcc/avr/4.9.2/avr5\libgcc.a(_udivmodsi4.o)
                              Drivers/uart.o (__udivmodsi4)
c:/program files (x86)/atmel/studio/7.0/toolchain/avr8/avr8-gnu-toolchain/bin/../lib/gcc/avr/4.9.2/avr5\libgcc.a(_exit.o)
                              C:/Program Files (x86)/Atmel/Studio/7.0/Packs/atmel/ATmega_DFP/1.1.130/gcc/dev/atmega32/avr5/crtatmega32.o (exit)
c:/program files (x86)/atmel/studio/7.0/toolchain/avr8/avr8-gnu-toolchain/bin/../lib/gcc/avr/4.9.2/avr5\libgcc.a(_copy_data.o)
                              RTOS_HH.o (__do_copy_data)
c:/program files (x86)/atmel/studio/7.0/toolchain/avr8/avr8-gnu-toolchain/bin/../lib/gcc/avr/4.9.2/avr5\libgcc.a(_clear_bss.o)
                              Source/croutine.o (__do_clear_bss)
c:/program files (x86)/atmel/studio/7.0/toolchain/avr8/avr8-gnu-toolchain/bin/../lib/gcc/avr/4.9.2/../../../../avr/lib/avr5\libc.a(memcpy.o)
                              Source/queue.o (memcpy)
c:/program files (x86)/atmel/studio/7.0/toolchain/avr8/avr8-gnu-toolchain/bin/../lib/gcc/avr/4.9.2/../../../../avr/lib/avr5\libc.a(memset.o)
                              Source/tasks.o (memset)
c:/program files (x86)/atmel/studio/7.0/toolchain/avr8/avr8-gnu-toolchain/bin/../lib/gcc/avr/4.9.2/../../../../avr/lib/avr5\libc.a(strncpy.o)
                              Source/tasks.o (strncpy)
c:/program files (x86)/atmel/studio/7.0/toolchain/avr8/avr8-gnu-toolchain/bin/../lib/gcc/avr/4.9.2/../../../../avr/lib/avr5\libc.a(itoa_ncheck.o)
                              Drivers/uart.o (__itoa_ncheck)
c:/program files (x86)/atmel/studio/7.0/toolchain/avr8/avr8-gnu-toolchain/bin/../lib/gcc/avr/4.9.2/../../../../avr/lib/avr5\libc.a(utoa_ncheck.o)
                              c:/program files (x86)/atmel/studio/7.0/toolchain/avr8/avr8-gnu-toolchain/bin/../lib/gcc/avr/4.9.2/../../../../avr/lib/avr5\libc.a(itoa_ncheck.o) (__utoa_common)
c:/program files (x86)/atmel/studio/7.0/toolchain/avr8/avr8-gnu-toolchain/bin/../lib/gcc/avr/4.9.2/../../../../avr/lib/avr5\libc.a(strrev.o)
                              c:/program files (x86)/atmel/studio/7.0/toolchain/avr8/avr8-gnu-toolchain/bin/../lib/gcc/avr/4.9.2/../../../../avr/lib/avr5\libc.a(utoa_ncheck.o) (strrev)

Discarded input sections

 .data          0x00000000        0x0 C:/Program Files (x86)/Atmel/Studio/7.0/Packs/atmel/ATmega_DFP/1.1.130/gcc/dev/atmega32/avr5/crtatmega32.o
 .bss           0x00000000        0x0 C:/Program Files (x86)/Atmel/Studio/7.0/Packs/atmel/ATmega_DFP/1.1.130/gcc/dev/atmega32/avr5/crtatmega32.o
 .text          0x00000000        0x0 Drivers/led.o
 .data          0x00000000        0x0 Drivers/led.o
 .bss           0x00000000        0x0 Drivers/led.o
 .text.writeAllLEDs
                0x00000000        0x6 Drivers/led.o
 .text.turnOnLED
                0x00000000       0x20 Drivers/led.o
 .text.turnOffLED
                0x00000000       0x1e Drivers/led.o
 .text          0x00000000        0x0 Drivers/switch.o
 .data          0x00000000        0x0 Drivers/switch.o
 .bss           0x00000000        0x0 Drivers/switch.o
 .text.initSwitchPort
                0x00000000        0x4 Drivers/switch.o
 .text.switchStatus
                0x00000000        0x6 Drivers/switch.o
 .text.switchOn
                0x00000000       0x20 Drivers/switch.o
 .debug_info    0x00000000       0xd0 Drivers/switch.o
 .debug_abbrev  0x00000000       0x9d Drivers/switch.o
 .debug_loc     0x00000000       0x3a Drivers/switch.o
 .debug_aranges
                0x00000000       0x30 Drivers/switch.o
 .debug_ranges  0x00000000       0x20 Drivers/switch.o
 .debug_line    0x00000000       0xf9 Drivers/switch.o
 .debug_str     0x00000000      0x1a5 Drivers/switch.o
 .comment       0x00000000       0x31 Drivers/switch.o
 .debug_frame   0x00000000       0x44 Drivers/switch.o
 .text          0x00000000        0x0 Drivers/uart.o
 .data          0x00000000        0x0 Drivers/uart.o
 .bss           0x00000000        0x0 Drivers/uart.o
 .text.InitUART
                0x00000000       0x7a Drivers/uart.o
 .text.CharReady
                0x00000000        0x6 Drivers/uart.o
 .text.ReadChar
                0x00000000        0x8 Drivers/uart.o
 .text.SendChar
                0x00000000        0x8 Drivers/uart.o
 .text.SendString
                0x00000000       0x1e Drivers/uart.o
 .text.SendInteger
                0x00000000       0x3a Drivers/uart.o
 .debug_info    0x00000000      0x29b Drivers/uart.o
 .debug_abbrev  0x00000000      0x19b Drivers/uart.o
 .debug_loc     0x00000000      0x1b6 Drivers/uart.o
 .debug_aranges
                0x00000000       0x48 Drivers/uart.o
 .debug_ranges  0x00000000       0x38 Drivers/uart.o
 .debug_line    0x00000000      0x1a0 Drivers/uart.o
 .debug_str     0x00000000      0x20f Drivers/uart.o
 .comment       0x00000000       0x31 Drivers/uart.o
 .debug_frame   0x00000000       0x9c Drivers/uart.o
 .text          0x00000000        0x0 RTOS_HH.o
 .data          0x00000000        0x0 RTOS_HH.o
 .bss           0x00000000        0x0 RTOS_HH.o
 .text          0x00000000        0x0 Source/croutine.o
 .data          0x00000000        0x0 Source/croutine.o
 .bss           0x00000000        0x0 Source/croutine.o
 .text.xCoRoutineCreate
                0x00000000       0xf0 Source/croutine.o
 .text.vCoRoutineAddToDelayedList
                0x00000000       0x86 Source/croutine.o
 .text.vCoRoutineSchedule
                0x00000000      0x27a Source/croutine.o
 .text.xCoRoutineRemoveFromEventList
                0x00000000       0x4a Source/croutine.o
 .bss.xPassedTicks
                0x00000000        0x2 Source/croutine.o
 .bss.xLastTickCount
                0x00000000        0x2 Source/croutine.o
 .bss.xCoRoutineTickCount
                0x00000000        0x2 Source/croutine.o
 .bss.uxTopCoRoutineReadyPriority
                0x00000000        0x1 Source/croutine.o
 .bss.pxCurrentCoRoutine
                0x00000000        0x2 Source/croutine.o
 .bss.xPendingReadyCoRoutineList
                0x00000000        0x9 Source/croutine.o
 .bss.pxOverflowDelayedCoRoutineList
                0x00000000        0x2 Source/croutine.o
 .bss.pxDelayedCoRoutineList
                0x00000000        0x2 Source/croutine.o
 .bss.xDelayedCoRoutineList2
                0x00000000        0x9 Source/croutine.o
 .bss.xDelayedCoRoutineList1
                0x00000000        0x9 Source/croutine.o
 .bss.pxReadyCoRoutineLists
                0x00000000       0x12 Source/croutine.o
 .debug_info    0x00000000      0x7be Source/croutine.o
 .debug_abbrev  0x00000000      0x25c Source/croutine.o
 .debug_loc     0x00000000      0x3eb Source/croutine.o
 .debug_aranges
                0x00000000       0x38 Source/croutine.o
 .debug_ranges  0x00000000       0x28 Source/croutine.o
 .debug_line    0x00000000      0x34b Source/croutine.o
 .debug_str     0x00000000      0x53a Source/croutine.o
 .comment       0x00000000       0x31 Source/croutine.o
 .debug_frame   0x00000000       0xc0 Source/croutine.o
 .text          0x00000000        0x0 Source/list.o
 .data          0x00000000        0x0 Source/list.o
 .bss           0x00000000        0x0 Source/list.o
 .text          0x00000000        0x0 Source/portable/GCC/ATMega323/port.o
 .data          0x00000000        0x0 Source/portable/GCC/ATMega323/port.o
 .bss           0x00000000        0x0 Source/portable/GCC/ATMega323/port.o
 .text.vPortEndScheduler
                0x00000000        0x2 Source/portable/GCC/ATMega323/port.o
 .text          0x00000000        0x0 Source/portable/MemMang/heap_1.o
 .data          0x00000000        0x0 Source/portable/MemMang/heap_1.o
 .bss           0x00000000        0x0 Source/portable/MemMang/heap_1.o
 .text.vPortInitialiseBlocks
                0x00000000        0xa Source/portable/MemMang/heap_1.o
 .text.xPortGetFreeHeapSize
                0x00000000       0x12 Source/portable/MemMang/heap_1.o
 .text          0x00000000        0x0 Source/queue.o
 .data          0x00000000        0x0 Source/queue.o
 .bss           0x00000000        0x0 Source/queue.o
 .text.prvCopyDataToQueue
                0x00000000       0x82 Source/queue.o
 .text.prvCopyDataFromQueue
                0x00000000       0x34 Source/queue.o
 .text.prvUnlockQueue
                0x00000000       0x94 Source/queue.o
 .text.xQueueGenericCreate
                0x00000000       0xa0 Source/queue.o
 .text.xQueueGenericSend
                0x00000000      0x134 Source/queue.o
 .text.xQueueGenericSendFromISR
                0x00000000       0x58 Source/queue.o
 .text.xQueueGenericReceive
                0x00000000      0x158 Source/queue.o
 .text.xQueueReceiveFromISR
                0x00000000       0x5a Source/queue.o
 .text.uxQueueMessagesWaiting
                0x00000000       0x10 Source/queue.o
 .text.uxQueueMessagesWaitingFromISR
                0x00000000        0x6 Source/queue.o
 .text.vQueueDelete
                0x00000000       0x1a Source/queue.o
 .text.xQueueIsQueueEmptyFromISR
                0x00000000        0xc Source/queue.o
 .text.xQueueIsQueueFullFromISR
                0x00000000        0xe Source/queue.o
 .debug_info    0x00000000      0xcb4 Source/queue.o
 .debug_abbrev  0x00000000      0x24a Source/queue.o
 .debug_loc     0x00000000      0xcf7 Source/queue.o
 .debug_aranges
                0x00000000       0x80 Source/queue.o
 .debug_ranges  0x00000000       0x70 Source/queue.o
 .debug_line    0x00000000      0x633 Source/queue.o
 .debug_str     0x00000000      0x605 Source/queue.o
 .comment       0x00000000       0x31 Source/queue.o
 .debug_frame   0x00000000      0x1e0 Source/queue.o
 .text          0x00000000        0x0 Source/tasks.o
 .data          0x00000000        0x0 Source/tasks.o
 .bss           0x00000000        0x0 Source/tasks.o
 .text.vTaskEndScheduler
                0x00000000        0xc Source/tasks.o
 .text.xTaskGetTickCountFromISR
                0x00000000        0xa Source/tasks.o
 .text.uxTaskGetNumberOfTasks
                0x00000000        0x6 Source/tasks.o
 .text.vTaskDelay
                0x00000000       0x40 Source/tasks.o
 .text.vTaskPlaceOnEventList
                0x00000000       0x3c Source/tasks.o
 .text.xTaskRemoveFromEventList
                0x00000000       0x8a Source/tasks.o
 .text.vTaskSetTimeOutState
                0x00000000       0x16 Source/tasks.o
 .text.xTaskCheckForTimeOut
                0x00000000       0x6e Source/tasks.o
 .text.vTaskMissedYield
                0x00000000        0x8 Source/tasks.o
 .text          0x00000000        0x0 Source/timers.o
 .data          0x00000000        0x0 Source/timers.o
 .bss           0x00000000        0x0 Source/timers.o
 .debug_info    0x00000000       0x6b Source/timers.o
 .debug_abbrev  0x00000000       0x26 Source/timers.o
 .debug_aranges
                0x00000000       0x18 Source/timers.o
 .debug_line    0x00000000       0x1a Source/timers.o
 .debug_str     0x00000000      0x189 Source/timers.o
 .comment       0x00000000       0x31 Source/timers.o
 .text          0x00000000        0x0 c:/program files (x86)/atmel/studio/7.0/toolchain/avr8/avr8-gnu-toolchain/bin/../lib/gcc/avr/4.9.2/avr5\libgcc.a(_udivmodsi4.o)
 .data          0x00000000        0x0 c:/program files (x86)/atmel/studio/7.0/toolchain/avr8/avr8-gnu-toolchain/bin/../lib/gcc/avr/4.9.2/avr5\libgcc.a(_udivmodsi4.o)
 .bss           0x00000000        0x0 c:/program files (x86)/atmel/studio/7.0/toolchain/avr8/avr8-gnu-toolchain/bin/../lib/gcc/avr/4.9.2/avr5\libgcc.a(_udivmodsi4.o)
 .text.libgcc.mul
                0x00000000        0x0 c:/program files (x86)/atmel/studio/7.0/toolchain/avr8/avr8-gnu-toolchain/bin/../lib/gcc/avr/4.9.2/avr5\libgcc.a(_udivmodsi4.o)
 .text.libgcc.div
                0x00000000       0x44 c:/program files (x86)/atmel/studio/7.0/toolchain/avr8/avr8-gnu-toolchain/bin/../lib/gcc/avr/4.9.2/avr5\libgcc.a(_udivmodsi4.o)
 .text.libgcc   0x00000000        0x0 c:/program files (x86)/atmel/studio/7.0/toolchain/avr8/avr8-gnu-toolchain/bin/../lib/gcc/avr/4.9.2/avr5\libgcc.a(_udivmodsi4.o)
 .text.libgcc.prologue
                0x00000000        0x0 c:/program files (x86)/atmel/studio/7.0/toolchain/avr8/avr8-gnu-toolchain/bin/../lib/gcc/avr/4.9.2/avr5\libgcc.a(_udivmodsi4.o)
 .text.libgcc.builtins
                0x00000000        0x0 c:/program files (x86)/atmel/studio/7.0/toolchain/avr8/avr8-gnu-toolchain/bin/../lib/gcc/avr/4.9.2/avr5\libgcc.a(_udivmodsi4.o)
 .text.libgcc.fmul
                0x00000000        0x0 c:/program files (x86)/atmel/studio/7.0/toolchain/avr8/avr8-gnu-toolchain/bin/../lib/gcc/avr/4.9.2/avr5\libgcc.a(_udivmodsi4.o)
 .text.libgcc.fixed
                0x00000000        0x0 c:/program files (x86)/atmel/studio/7.0/toolchain/avr8/avr8-gnu-toolchain/bin/../lib/gcc/avr/4.9.2/avr5\libgcc.a(_udivmodsi4.o)
 .text          0x00000000        0x0 c:/program files (x86)/atmel/studio/7.0/toolchain/avr8/avr8-gnu-toolchain/bin/../lib/gcc/avr/4.9.2/avr5\libgcc.a(_exit.o)
 .data          0x00000000        0x0 c:/program files (x86)/atmel/studio/7.0/toolchain/avr8/avr8-gnu-toolchain/bin/../lib/gcc/avr/4.9.2/avr5\libgcc.a(_exit.o)
 .bss           0x00000000        0x0 c:/program files (x86)/atmel/studio/7.0/toolchain/avr8/avr8-gnu-toolchain/bin/../lib/gcc/avr/4.9.2/avr5\libgcc.a(_exit.o)
 .text.libgcc.mul
                0x00000000        0x0 c:/program files (x86)/atmel/studio/7.0/toolchain/avr8/avr8-gnu-toolchain/bin/../lib/gcc/avr/4.9.2/avr5\libgcc.a(_exit.o)
 .text.libgcc.div
                0x00000000        0x0 c:/program files (x86)/atmel/studio/7.0/toolchain/avr8/avr8-gnu-toolchain/bin/../lib/gcc/avr/4.9.2/avr5\libgcc.a(_exit.o)
 .text.libgcc   0x00000000        0x0 c:/program files (x86)/atmel/studio/7.0/toolchain/avr8/avr8-gnu-toolchain/bin/../lib/gcc/avr/4.9.2/avr5\libgcc.a(_exit.o)
 .text.libgcc.prologue
                0x00000000        0x0 c:/program files (x86)/atmel/studio/7.0/toolchain/avr8/avr8-gnu-toolchain/bin/../lib/gcc/avr/4.9.2/avr5\libgcc.a(_exit.o)
 .text.libgcc.builtins
                0x00000000        0x0 c:/program files (x86)/atmel/studio/7.0/toolchain/avr8/avr8-gnu-toolchain/bin/../lib/gcc/avr/4.9.2/avr5\libgcc.a(_exit.o)
 .text.libgcc.fmul
                0x00000000        0x0 c:/program files (x86)/atmel/studio/7.0/toolchain/avr8/avr8-gnu-toolchain/bin/../lib/gcc/avr/4.9.2/avr5\libgcc.a(_exit.o)
 .text.libgcc.fixed
                0x00000000        0x0 c:/program files (x86)/atmel/studio/7.0/toolchain/avr8/avr8-gnu-toolchain/bin/../lib/gcc/avr/4.9.2/avr5\libgcc.a(_exit.o)
 .text          0x00000000        0x0 c:/program files (x86)/atmel/studio/7.0/toolchain/avr8/avr8-gnu-toolchain/bin/../lib/gcc/avr/4.9.2/avr5\libgcc.a(_copy_data.o)
 .data          0x00000000        0x0 c:/program files (x86)/atmel/studio/7.0/toolchain/avr8/avr8-gnu-toolchain/bin/../lib/gcc/avr/4.9.2/avr5\libgcc.a(_copy_data.o)
 .bss           0x00000000        0x0 c:/program files (x86)/atmel/studio/7.0/toolchain/avr8/avr8-gnu-toolchain/bin/../lib/gcc/avr/4.9.2/avr5\libgcc.a(_copy_data.o)
 .text.libgcc.mul
                0x00000000        0x0 c:/program files (x86)/atmel/studio/7.0/toolchain/avr8/avr8-gnu-toolchain/bin/../lib/gcc/avr/4.9.2/avr5\libgcc.a(_copy_data.o)
 .text.libgcc.div
                0x00000000        0x0 c:/program files (x86)/atmel/studio/7.0/toolchain/avr8/avr8-gnu-toolchain/bin/../lib/gcc/avr/4.9.2/avr5\libgcc.a(_copy_data.o)
 .text.libgcc   0x00000000        0x0 c:/program files (x86)/atmel/studio/7.0/toolchain/avr8/avr8-gnu-toolchain/bin/../lib/gcc/avr/4.9.2/avr5\libgcc.a(_copy_data.o)
 .text.libgcc.prologue
                0x00000000        0x0 c:/program files (x86)/atmel/studio/7.0/toolchain/avr8/avr8-gnu-toolchain/bin/../lib/gcc/avr/4.9.2/avr5\libgcc.a(_copy_data.o)
 .text.libgcc.builtins
                0x00000000        0x0 c:/program files (x86)/atmel/studio/7.0/toolchain/avr8/avr8-gnu-toolchain/bin/../lib/gcc/avr/4.9.2/avr5\libgcc.a(_copy_data.o)
 .text.libgcc.fmul
                0x00000000        0x0 c:/program files (x86)/atmel/studio/7.0/toolchain/avr8/avr8-gnu-toolchain/bin/../lib/gcc/avr/4.9.2/avr5\libgcc.a(_copy_data.o)
 .text.libgcc.fixed
                0x00000000        0x0 c:/program files (x86)/atmel/studio/7.0/toolchain/avr8/avr8-gnu-toolchain/bin/../lib/gcc/avr/4.9.2/avr5\libgcc.a(_copy_data.o)
 .text          0x00000000        0x0 c:/program files (x86)/atmel/studio/7.0/toolchain/avr8/avr8-gnu-toolchain/bin/../lib/gcc/avr/4.9.2/avr5\libgcc.a(_clear_bss.o)
 .data          0x00000000        0x0 c:/program files (x86)/atmel/studio/7.0/toolchain/avr8/avr8-gnu-toolchain/bin/../lib/gcc/avr/4.9.2/avr5\libgcc.a(_clear_bss.o)
 .bss           0x00000000        0x0 c:/program files (x86)/atmel/studio/7.0/toolchain/avr8/avr8-gnu-toolchain/bin/../lib/gcc/avr/4.9.2/avr5\libgcc.a(_clear_bss.o)
 .text.libgcc.mul
                0x00000000        0x0 c:/program files (x86)/atmel/studio/7.0/toolchain/avr8/avr8-gnu-toolchain/bin/../lib/gcc/avr/4.9.2/avr5\libgcc.a(_clear_bss.o)
 .text.libgcc.div
                0x00000000        0x0 c:/program files (x86)/atmel/studio/7.0/toolchain/avr8/avr8-gnu-toolchain/bin/../lib/gcc/avr/4.9.2/avr5\libgcc.a(_clear_bss.o)
 .text.libgcc   0x00000000        0x0 c:/program files (x86)/atmel/studio/7.0/toolchain/avr8/avr8-gnu-toolchain/bin/../lib/gcc/avr/4.9.2/avr5\libgcc.a(_clear_bss.o)
 .text.libgcc.prologue
                0x00000000        0x0 c:/program files (x86)/atmel/studio/7.0/toolchain/avr8/avr8-gnu-toolchain/bin/../lib/gcc/avr/4.9.2/avr5\libgcc.a(_clear_bss.o)
 .text.libgcc.builtins
                0x00000000        0x0 c:/program files (x86)/atmel/studio/7.0/toolchain/avr8/avr8-gnu-toolchain/bin/../lib/gcc/avr/4.9.2/avr5\libgcc.a(_clear_bss.o)
 .text.libgcc.fmul
                0x00000000        0x0 c:/program files (x86)/atmel/studio/7.0/toolchain/avr8/avr8-gnu-toolchain/bin/../lib/gcc/avr/4.9.2/avr5\libgcc.a(_clear_bss.o)
 .text.libgcc.fixed
                0x00000000        0x0 c:/program files (x86)/atmel/studio/7.0/toolchain/avr8/avr8-gnu-toolchain/bin/../lib/gcc/avr/4.9.2/avr5\libgcc.a(_clear_bss.o)
 .text          0x00000000        0x0 c:/program files (x86)/atmel/studio/7.0/toolchain/avr8/avr8-gnu-toolchain/bin/../lib/gcc/avr/4.9.2/../../../../avr/lib/avr5\libc.a(memcpy.o)
 .data          0x00000000        0x0 c:/program files (x86)/atmel/studio/7.0/toolchain/avr8/avr8-gnu-toolchain/bin/../lib/gcc/avr/4.9.2/../../../../avr/lib/avr5\libc.a(memcpy.o)
 .bss           0x00000000        0x0 c:/program files (x86)/atmel/studio/7.0/toolchain/avr8/avr8-gnu-toolchain/bin/../lib/gcc/avr/4.9.2/../../../../avr/lib/avr5\libc.a(memcpy.o)
 .text.avr-libc
                0x00000000       0x12 c:/program files (x86)/atmel/studio/7.0/toolchain/avr8/avr8-gnu-toolchain/bin/../lib/gcc/avr/4.9.2/../../../../avr/lib/avr5\libc.a(memcpy.o)
 .text          0x00000000        0x0 c:/program files (x86)/atmel/studio/7.0/toolchain/avr8/avr8-gnu-toolchain/bin/../lib/gcc/avr/4.9.2/../../../../avr/lib/avr5\libc.a(memset.o)
 .data          0x00000000        0x0 c:/program files (x86)/atmel/studio/7.0/toolchain/avr8/avr8-gnu-toolchain/bin/../lib/gcc/avr/4.9.2/../../../../avr/lib/avr5\libc.a(memset.o)
 .bss           0x00000000        0x0 c:/program files (x86)/atmel/studio/7.0/toolchain/avr8/avr8-gnu-toolchain/bin/../lib/gcc/avr/4.9.2/../../../../avr/lib/avr5\libc.a(memset.o)
 .text          0x00000000        0x0 c:/program files (x86)/atmel/studio/7.0/toolchain/avr8/avr8-gnu-toolchain/bin/../lib/gcc/avr/4.9.2/../../../../avr/lib/avr5\libc.a(strncpy.o)
 .data          0x00000000        0x0 c:/program files (x86)/atmel/studio/7.0/toolchain/avr8/avr8-gnu-toolchain/bin/../lib/gcc/avr/4.9.2/../../../../avr/lib/avr5\libc.a(strncpy.o)
 .bss           0x00000000        0x0 c:/program files (x86)/atmel/studio/7.0/toolchain/avr8/avr8-gnu-toolchain/bin/../lib/gcc/avr/4.9.2/../../../../avr/lib/avr5\libc.a(strncpy.o)
 .text          0x00000000        0x0 c:/program files (x86)/atmel/studio/7.0/toolchain/avr8/avr8-gnu-toolchain/bin/../lib/gcc/avr/4.9.2/../../../../avr/lib/avr5\libc.a(itoa_ncheck.o)
 .data          0x00000000        0x0 c:/program files (x86)/atmel/studio/7.0/toolchain/avr8/avr8-gnu-toolchain/bin/../lib/gcc/avr/4.9.2/../../../../avr/lib/avr5\libc.a(itoa_ncheck.o)
 .bss           0x00000000        0x0 c:/program files (x86)/atmel/studio/7.0/toolchain/avr8/avr8-gnu-toolchain/bin/../lib/gcc/avr/4.9.2/../../../../avr/lib/avr5\libc.a(itoa_ncheck.o)
 .text.avr-libc
                0x00000000       0x16 c:/program files (x86)/atmel/studio/7.0/toolchain/avr8/avr8-gnu-toolchain/bin/../lib/gcc/avr/4.9.2/../../../../avr/lib/avr5\libc.a(itoa_ncheck.o)
 .text          0x00000000        0x0 c:/program files (x86)/atmel/studio/7.0/toolchain/avr8/avr8-gnu-toolchain/bin/../lib/gcc/avr/4.9.2/../../../../avr/lib/avr5\libc.a(utoa_ncheck.o)
 .data          0x00000000        0x0 c:/program files (x86)/atmel/studio/7.0/toolchain/avr8/avr8-gnu-toolchain/bin/../lib/gcc/avr/4.9.2/../../../../avr/lib/avr5\libc.a(utoa_ncheck.o)
 .bss           0x00000000        0x0 c:/program files (x86)/atmel/studio/7.0/toolchain/avr8/avr8-gnu-toolchain/bin/../lib/gcc/avr/4.9.2/../../../../avr/lib/avr5\libc.a(utoa_ncheck.o)
 .text.avr-libc
                0x00000000       0x34 c:/program files (x86)/atmel/studio/7.0/toolchain/avr8/avr8-gnu-toolchain/bin/../lib/gcc/avr/4.9.2/../../../../avr/lib/avr5\libc.a(utoa_ncheck.o)
 .text          0x00000000        0x0 c:/program files (x86)/atmel/studio/7.0/toolchain/avr8/avr8-gnu-toolchain/bin/../lib/gcc/avr/4.9.2/../../../../avr/lib/avr5\libc.a(strrev.o)
 .data          0x00000000        0x0 c:/program files (x86)/atmel/studio/7.0/toolchain/avr8/avr8-gnu-toolchain/bin/../lib/gcc/avr/4.9.2/../../../../avr/lib/avr5\libc.a(strrev.o)
 .bss           0x00000000        0x0 c:/program files (x86)/atmel/studio/7.0/toolchain/avr8/avr8-gnu-toolchain/bin/../lib/gcc/avr/4.9.2/../../../../avr/lib/avr5\libc.a(strrev.o)
 .text.avr-libc
                0x00000000       0x20 c:/program files (x86)/atmel/studio/7.0/toolchain/avr8/avr8-gnu-toolchain/bin/../lib/gcc/avr/4.9.2/../../../../avr/lib/avr5\libc.a(strrev.o)

Memory Configuration

Name             Origin             Length             Attributes
text             0x00000000         0x00020000         xr
data             0x00800060         0x0000ffa0         rw !x
eeprom           0x00810000         0x00010000         rw !x
fuse             0x00820000         0x00000002         rw !x
lock             0x00830000         0x00000400         rw !x
signature        0x00840000         0x00000400         rw !x
user_signatures  0x00850000         0x00000400         rw !x
*default*        0x00000000         0xffffffff

Linker script and memory map

LOAD C:/Program Files (x86)/Atmel/Studio/7.0/Packs/atmel/ATmega_DFP/1.1.130/gcc/dev/atmega32/avr5/crtatmega32.o
LOAD Drivers/led.o
LOAD Drivers/switch.o
LOAD Drivers/uart.o
LOAD RTOS_HH.o
LOAD Source/croutine.o
LOAD Source/list.o
LOAD Source/portable/GCC/ATMega323/port.o
LOAD Source/portable/MemMang/heap_1.o
LOAD Source/queue.o
LOAD Source/tasks.o
LOAD Source/timers.o
START GROUP
LOAD c:/program files (x86)/atmel/studio/7.0/toolchain/avr8/avr8-gnu-toolchain/bin/../lib/gcc/avr/4.9.2/../../../../avr/lib/avr5\libm.a
END GROUP
START GROUP
LOAD c:/program files (x86)/atmel/studio/7.0/toolchain/avr8/avr8-gnu-toolchain/bin/../lib/gcc/avr/4.9.2/avr5\libgcc.a
LOAD c:/program files (x86)/atmel/studio/7.0/toolchain/avr8/avr8-gnu-toolchain/bin/../lib/gcc/avr/4.9.2/../../../../avr/lib/avr5\libm.a
LOAD c:/program files (x86)/atmel/studio/7.0/toolchain/avr8/avr8-gnu-toolchain/bin/../lib/gcc/avr/4.9.2/../../../../avr/lib/avr5\libc.a
LOAD C:/Program Files (x86)/Atmel/Studio/7.0/Packs/atmel/ATmega_DFP/1.1.130/gcc/dev/atmega32/avr5\libatmega32.a
END GROUP
                0x00020000                __TEXT_REGION_LENGTH__ = DEFINED (__TEXT_REGION_LENGTH__)?__TEXT_REGION_LENGTH__:0x20000
                0x0000ffa0                __DATA_REGION_LENGTH__ = DEFINED (__DATA_REGION_LENGTH__)?__DATA_REGION_LENGTH__:0xffa0
                0x00010000                __EEPROM_REGION_LENGTH__ = DEFINED (__EEPROM_REGION_LENGTH__)?__EEPROM_REGION_LENGTH__:0x10000
                [0x00000002]                __FUSE_REGION_LENGTH__ = DEFINED (__FUSE_REGION_LENGTH__)?__FUSE_REGION_LENGTH__:0x400
                0x00000400                __LOCK_REGION_LENGTH__ = DEFINED (__LOCK_REGION_LENGTH__)?__LOCK_REGION_LENGTH__:0x400
                0x00000400                __SIGNATURE_REGION_LENGTH__ = DEFINED (__SIGNATURE_REGION_LENGTH__)?__SIGNATURE_REGION_LENGTH__:0x400
                0x00000400                __USER_SIGNATURE_REGION_LENGTH__ = DEFINED (__USER_SIGNATURE_REGION_LENGTH__)?__USER_SIGNATURE_REGION_LENGTH__:0x400

.hash
 *(.hash)

.dynsym
 *(.dynsym)

.dynstr
 *(.dynstr)

.gnu.version
 *(.gnu.version)

.gnu.version_d
 *(.gnu.version_d)

.gnu.version_r
 *(.gnu.version_r)

.rel.init
 *(.rel.init)

.rela.init
 *(.rela.init)

.rel.text
 *(.rel.text)
 *(.rel.text.*)
 *(.rel.gnu.linkonce.t*)

.rela.text
 *(.rela.text)
 *(.rela.text.*)
 *(.rela.gnu.linkonce.t*)

.rel.fini
 *(.rel.fini)

.rela.fini
 *(.rela.fini)

.rel.rodata
 *(.rel.rodata)
 *(.rel.rodata.*)
 *(.rel.gnu.linkonce.r*)

.rela.rodata
 *(.rela.rodata)
 *(.rela.rodata.*)
 *(.rela.gnu.linkonce.r*)

.rel.data
 *(.rel.data)
 *(.rel.data.*)
 *(.rel.gnu.linkonce.d*)

.rela.data
 *(.rela.data)
 *(.rela.data.*)
 *(.rela.gnu.linkonce.d*)

.rel.ctors
 *(.rel.ctors)

.rela.ctors
 *(.rela.ctors)

.rel.dtors
 *(.rel.dtors)

.rela.dtors
 *(.rela.dtors)

.rel.got
 *(.rel.got)

.rela.got
 *(.rela.got)

.rel.bss
 *(.rel.bss)

.rela.bss
 *(.rela.bss)

.rel.plt
 *(.rel.plt)

.rela.plt
 *(.rela.plt)

.text           0x00000000      0xcb2
 *(.vectors)
 .vectors       0x00000000       0x54 C:/Program Files (x86)/Atmel/Studio/7.0/Packs/atmel/ATmega_DFP/1.1.130/gcc/dev/atmega32/avr5/crtatmega32.o
                0x00000000                __vector_default
                0x00000000                __vectors
 *(.vectors)
 *(.progmem.gcc*)
                0x00000054                . = ALIGN (0x2)
                0x00000054                __trampolines_start = .
 *(.trampolines)
 .trampolines   0x00000054        0x0 linker stubs
 *(.trampolines*)
                0x00000054                __trampolines_end = .
 *libprintf_flt.a:*(.progmem.data)
 *libc.a:*(.progmem.data)
 *(.progmem*)
                0x00000054                . = ALIGN (0x2)
 *(.jumptables)
 *(.jumptables*)
 *(.lowtext)
 *(.lowtext*)
                0x00000054                __ctors_start = .
 *(.ctors)
                0x00000054                __ctors_end = .
                0x00000054                __dtors_start = .
 *(.dtors)
                0x00000054                __dtors_end = .
 SORT(*)(.ctors)
 SORT(*)(.dtors)
 *(.init0)
 .init0         0x00000054        0x0 C:/Program Files (x86)/Atmel/Studio/7.0/Packs/atmel/ATmega_DFP/1.1.130/gcc/dev/atmega32/avr5/crtatmega32.o
                0x00000054                __init
 *(.init0)
 *(.init1)
 *(.init1)
 *(.init2)
 .init2         0x00000054        0xc C:/Program Files (x86)/Atmel/Studio/7.0/Packs/atmel/ATmega_DFP/1.1.130/gcc/dev/atmega32/avr5/crtatmega32.o
 *(.init2)
 *(.init3)
 *(.init3)
 *(.init4)
 .init4         0x00000060       0x16 c:/program files (x86)/atmel/studio/7.0/toolchain/avr8/avr8-gnu-toolchain/bin/../lib/gcc/avr/4.9.2/avr5\libgcc.a(_copy_data.o)
                0x00000060                __do_copy_data
 .init4         0x00000076       0x10 c:/program files (x86)/atmel/studio/7.0/toolchain/avr8/avr8-gnu-toolchain/bin/../lib/gcc/avr/4.9.2/avr5\libgcc.a(_clear_bss.o)
                0x00000076                __do_clear_bss
 *(.init4)
 *(.init5)
 *(.init5)
 *(.init6)
 *(.init6)
 *(.init7)
 *(.init7)
 *(.init8)
 *(.init8)
 *(.init9)
 .init9         0x00000086        0x8 C:/Program Files (x86)/Atmel/Studio/7.0/Packs/atmel/ATmega_DFP/1.1.130/gcc/dev/atmega32/avr5/crtatmega32.o
 *(.init9)
 *(.text)
 .text          0x0000008e        0x4 C:/Program Files (x86)/Atmel/Studio/7.0/Packs/atmel/ATmega_DFP/1.1.130/gcc/dev/atmega32/avr5/crtatmega32.o
                0x0000008e                __vector_1
                0x0000008e                __vector_12
                0x0000008e                __bad_interrupt
                0x0000008e                __vector_6
                0x0000008e                __vector_3
                0x0000008e                __vector_11
                0x0000008e                __vector_13
                0x0000008e                __vector_17
                0x0000008e                __vector_19
                0x0000008e                __vector_5
                0x0000008e                __vector_4
                0x0000008e                __vector_9
                0x0000008e                __vector_2
                0x0000008e                __vector_15
                0x0000008e                __vector_8
                0x0000008e                __vector_14
                0x0000008e                __vector_10
                0x0000008e                __vector_16
                0x0000008e                __vector_18
                0x0000008e                __vector_20
                0x00000092                . = ALIGN (0x2)
 *(.text.*)
 .text.initLEDport
                0x00000092        0x8 Drivers/led.o
                0x00000092                initLEDport
 .text.toggleLED
                0x0000009a       0x1e Drivers/led.o
                0x0000009a                toggleLED
 .text.vLEDFlashTask1
                0x000000b8       0x26 RTOS_HH.o
                0x000000b8                vLEDFlashTask1
 .text.vLEDFlashTask2
                0x000000de       0x26 RTOS_HH.o
                0x000000de                vLEDFlashTask2
 .text.vLEDFlashTask3
                0x00000104       0x26 RTOS_HH.o
                0x00000104                vLEDFlashTask3
 .text.main     0x0000012a       0x54 RTOS_HH.o
                0x0000012a                main
 .text.vListInitialise
                0x0000017e       0x1c Source/list.o
                0x0000017e                vListInitialise
 .text.vListInitialiseItem
                0x0000019a        0x8 Source/list.o
                0x0000019a                vListInitialiseItem
 .text.vListInsertEnd
                0x000001a2       0x4e Source/list.o
                0x000001a2                vListInsertEnd
 .text.vListInsert
                0x000001f0       0x76 Source/list.o
                0x000001f0                vListInsert
 .text.vListRemove
                0x00000266       0x4c Source/list.o
                0x00000266                vListRemove
 .text.pxPortInitialiseStack
                0x000002b2       0xd8 Source/portable/GCC/ATMega323/port.o
                0x000002b2                pxPortInitialiseStack
 .text.xPortStartScheduler
                0x0000038a       0x6a Source/portable/GCC/ATMega323/port.o
                0x0000038a                xPortStartScheduler
 .text.vPortYield
                0x000003f4       0xb2 Source/portable/GCC/ATMega323/port.o
                0x000003f4                vPortYield
 .text.vPortYieldFromTick
                0x000004a6       0xb6 Source/portable/GCC/ATMega323/port.o
                0x000004a6                vPortYieldFromTick
 .text.__vector_7
                0x0000055c        0x6 Source/portable/GCC/ATMega323/port.o
                0x0000055c                __vector_7
 .text.pvPortMalloc
                0x00000562       0x4c Source/portable/MemMang/heap_1.o
                0x00000562                pvPortMalloc
 .text.vPortFree
                0x000005ae        0x2 Source/portable/MemMang/heap_1.o
                0x000005ae                vPortFree
 .text.prvIdleTask
                0x000005b0       0x10 Source/tasks.o
 .text.prvAddCurrentTaskToDelayedList
                0x000005c0       0x6e Source/tasks.o
 .text.xTaskGenericCreate
                0x0000062e      0x1de Source/tasks.o
                0x0000062e                xTaskGenericCreate
 .text.vTaskStartScheduler
                0x0000080c       0x56 Source/tasks.o
                0x0000080c                vTaskStartScheduler
 .text.vTaskSuspendAll
                0x00000862        0xc Source/tasks.o
                0x00000862                vTaskSuspendAll
 .text.xTaskGetTickCount
                0x0000086e       0x14 Source/tasks.o
                0x0000086e                xTaskGetTickCount
 .text.vTaskIncrementTick
                0x00000882      0x188 Source/tasks.o
                0x00000882                vTaskIncrementTick
 .text.xTaskResumeAll
                0x00000a0a      0x10c Source/tasks.o
                0x00000a0a                xTaskResumeAll
 .text.vTaskDelayUntil
                0x00000b16       0x94 Source/tasks.o
                0x00000b16                vTaskDelayUntil
 .text.vTaskSwitchContext
                0x00000baa       0xd8 Source/tasks.o
                0x00000baa                vTaskSwitchContext
 .text.avr-libc
                0x00000c82        0xe c:/program files (x86)/atmel/studio/7.0/toolchain/avr8/avr8-gnu-toolchain/bin/../lib/gcc/avr/4.9.2/../../../../avr/lib/avr5\libc.a(memset.o)
                0x00000c82                memset
 .text.avr-libc
                0x00000c90       0x1e c:/program files (x86)/atmel/studio/7.0/toolchain/avr8/avr8-gnu-toolchain/bin/../lib/gcc/avr/4.9.2/../../../../avr/lib/avr5\libc.a(strncpy.o)
                0x00000c90                strncpy
                0x00000cae                . = ALIGN (0x2)
 *(.fini9)
 .fini9         0x00000cae        0x0 c:/program files (x86)/atmel/studio/7.0/toolchain/avr8/avr8-gnu-toolchain/bin/../lib/gcc/avr/4.9.2/avr5\libgcc.a(_exit.o)
                0x00000cae                _exit
                0x00000cae                exit
 *(.fini9)
 *(.fini8)
 *(.fini8)
 *(.fini7)
 *(.fini7)
 *(.fini6)
 *(.fini6)
 *(.fini5)
 *(.fini5)
 *(.fini4)
 *(.fini4)
 *(.fini3)
 *(.fini3)
 *(.fini2)
 *(.fini2)
 *(.fini1)
 *(.fini1)
 *(.fini0)
 .fini0         0x00000cae        0x4 c:/program files (x86)/atmel/studio/7.0/toolchain/avr8/avr8-gnu-toolchain/bin/../lib/gcc/avr/4.9.2/avr5\libgcc.a(_exit.o)
 *(.fini0)
                0x00000cb2                _etext = .

.data           0x00800060       0x16 load address 0x00000cb2
                0x00800060                PROVIDE (__data_start, .)
 *(.data)
 *(.data*)
 .data.xNextTaskUnblockTime
                0x00800060        0x2 Source/tasks.o
 *(.rodata)
 *(.rodata*)
 .rodata.str1.1
                0x00800062        0xf RTOS_HH.o
 .rodata.str1.1
                0x00800071        0x5 Source/tasks.o
 *(.gnu.linkonce.d*)
                0x00800076                . = ALIGN (0x2)
                0x00800076                _edata = .
                0x00800076                PROVIDE (__data_end, .)

.bss            0x00800076      0x613
                0x00800076                PROVIDE (__bss_start, .)
 *(.bss)
 *(.bss*)
 .bss.xNextFreeByte
                0x00800076        0x2 Source/portable/MemMang/heap_1.o
 .bss.xHeap     0x00800078      0x5dc Source/portable/MemMang/heap_1.o
 .bss.uxTCBNumber
                0x00800654        0x1 Source/tasks.o
 .bss.xNumOfOverflows
                0x00800655        0x1 Source/tasks.o
 .bss.xMissedYield
                0x00800656        0x1 Source/tasks.o
 .bss.uxMissedTicks
                0x00800657        0x1 Source/tasks.o
 .bss.uxSchedulerSuspended
                0x00800658        0x1 Source/tasks.o
 .bss.xSchedulerRunning
                0x00800659        0x1 Source/tasks.o
 .bss.uxTopReadyPriority
                0x0080065a        0x1 Source/tasks.o
 .bss.uxTopUsedPriority
                0x0080065b        0x1 Source/tasks.o
 .bss.xTickCount
                0x0080065c        0x2 Source/tasks.o
 .bss.uxCurrentNumberOfTasks
                0x0080065e        0x1 Source/tasks.o
 .bss.xPendingReadyList
                0x0080065f        0x9 Source/tasks.o
 .bss.pxOverflowDelayedTaskList
                0x00800668        0x2 Source/tasks.o
 .bss.pxDelayedTaskList
                0x0080066a        0x2 Source/tasks.o
 .bss.xDelayedTaskList2
                0x0080066c        0x9 Source/tasks.o
 .bss.xDelayedTaskList1
                0x00800675        0x9 Source/tasks.o
 .bss.pxReadyTasksLists
                0x0080067e        0x9 Source/tasks.o
 .bss.pxCurrentTCB
                0x00800687        0x2 Source/tasks.o
                0x00800687                pxCurrentTCB
 *(COMMON)
                0x00800689                PROVIDE (__bss_end, .)
                0x00000cb2                __data_load_start = LOADADDR (.data)
                0x00000cc8                __data_load_end = (__data_load_start + SIZEOF (.data))

.noinit         0x00800689        0x0
                [!provide]                PROVIDE (__noinit_start, .)
 *(.noinit*)
                [!provide]                PROVIDE (__noinit_end, .)
                0x00800689                _end = .
                [!provide]                PROVIDE (__heap_start, .)

.eeprom         0x00810000        0x0
 *(.eeprom*)
                0x00810000                __eeprom_end = .

.fuse
 *(.fuse)
 *(.lfuse)
 *(.hfuse)
 *(.efuse)

.lock
 *(.lock*)

.signature
 *(.signature*)

.user_signatures
 *(.user_signatures*)

.stab
 *(.stab)

.stabstr
 *(.stabstr)

.stab.excl
 *(.stab.excl)

.stab.exclstr
 *(.stab.exclstr)

.stab.index
 *(.stab.index)

.stab.indexstr
 *(.stab.indexstr)

.comment        0x00000000       0x30
 *(.comment)
 .comment       0x00000000       0x30 Drivers/led.o
                                 0x31 (size before relaxing)
 .comment       0x00000030       0x31 RTOS_HH.o
 .comment       0x00000030       0x31 Source/list.o
 .comment       0x00000030       0x31 Source/portable/GCC/ATMega323/port.o
 .comment       0x00000030       0x31 Source/portable/MemMang/heap_1.o
 .comment       0x00000030       0x31 Source/tasks.o

.note.gnu.avr.deviceinfo
                0x00000000       0x3c
 .note.gnu.avr.deviceinfo
                0x00000000       0x3c C:/Program Files (x86)/Atmel/Studio/7.0/Packs/atmel/ATmega_DFP/1.1.130/gcc/dev/atmega32/avr5/crtatmega32.o

.note.gnu.build-id
 *(.note.gnu.build-id)

.debug
 *(.debug)

.line
 *(.line)

.debug_srcinfo
 *(.debug_srcinfo)

.debug_sfnames
 *(.debug_sfnames)

.debug_aranges  0x00000000      0x1e8
 *(.debug_aranges)
 .debug_aranges
                0x00000000       0x40 Drivers/led.o
 .debug_aranges
                0x00000040       0x38 RTOS_HH.o
 .debug_aranges
                0x00000078       0x40 Source/list.o
 .debug_aranges
                0x000000b8       0x48 Source/portable/GCC/ATMega323/port.o
 .debug_aranges
                0x00000100       0x38 Source/portable/MemMang/heap_1.o
 .debug_aranges
                0x00000138       0xb0 Source/tasks.o

.debug_pubnames
 *(.debug_pubnames)

.debug_info     0x00000000     0x2112
 *(.debug_info .gnu.linkonce.wi.*)
 .debug_info    0x00000000      0x4e6 C:/Program Files (x86)/Atmel/Studio/7.0/Packs/atmel/ATmega_DFP/1.1.130/gcc/dev/atmega32/avr5/crtatmega32.o
 .debug_info    0x000004e6      0x14b Drivers/led.o
 .debug_info    0x00000631      0x47c RTOS_HH.o
 .debug_info    0x00000aad      0x2c1 Source/list.o
 .debug_info    0x00000d6e      0x238 Source/portable/GCC/ATMega323/port.o
 .debug_info    0x00000fa6      0x1a5 Source/portable/MemMang/heap_1.o
 .debug_info    0x0000114b      0xfc7 Source/tasks.o

.debug_abbrev   0x00000000      0xd82
 *(.debug_abbrev)
 .debug_abbrev  0x00000000      0x4a3 C:/Program Files (x86)/Atmel/Studio/7.0/Packs/atmel/ATmega_DFP/1.1.130/gcc/dev/atmega32/avr5/crtatmega32.o
 .debug_abbrev  0x000004a3       0xac Drivers/led.o
 .debug_abbrev  0x0000054f      0x176 RTOS_HH.o
 .debug_abbrev  0x000006c5       0xf6 Source/list.o
 .debug_abbrev  0x000007bb      0x154 Source/portable/GCC/ATMega323/port.o
 .debug_abbrev  0x0000090f      0x148 Source/portable/MemMang/heap_1.o
 .debug_abbrev  0x00000a57      0x32b Source/tasks.o

.debug_line     0x00000000     0x1106
 *(.debug_line .debug_line.* .debug_line_end)
 .debug_line    0x00000000      0x115 C:/Program Files (x86)/Atmel/Studio/7.0/Packs/atmel/ATmega_DFP/1.1.130/gcc/dev/atmega32/avr5/crtatmega32.o
 .debug_line    0x00000115      0x13a Drivers/led.o
 .debug_line    0x0000024f      0x16e RTOS_HH.o
 .debug_line    0x000003bd      0x1a0 Source/list.o
 .debug_line    0x0000055d      0x2b6 Source/portable/GCC/ATMega323/port.o
 .debug_line    0x00000813      0x159 Source/portable/MemMang/heap_1.o
 .debug_line    0x0000096c      0x79a Source/tasks.o

.debug_frame    0x00000000      0x474
 *(.debug_frame)
 .debug_frame   0x00000000       0x64 Drivers/led.o
 .debug_frame   0x00000064       0x84 RTOS_HH.o
 .debug_frame   0x000000e8       0x7c Source/list.o
 .debug_frame   0x00000164       0x74 Source/portable/GCC/ATMega323/port.o
 .debug_frame   0x000001d8       0x60 Source/portable/MemMang/heap_1.o
 .debug_frame   0x00000238      0x23c Source/tasks.o

.debug_str      0x00000000      0xb91
 *(.debug_str)
 .debug_str     0x00000000      0x196 C:/Program Files (x86)/Atmel/Studio/7.0/Packs/atmel/ATmega_DFP/1.1.130/gcc/dev/atmega32/avr5/crtatmega32.o
 .debug_str     0x00000196      0x186 Drivers/led.o
                                0x1ba (size before relaxing)
 .debug_str     0x0000031c      0x12e RTOS_HH.o
                                0x29e (size before relaxing)
 .debug_str     0x0000044a      0x12f Source/list.o
                                0x29c (size before relaxing)
 .debug_str     0x00000579      0x10c Source/portable/GCC/ATMega323/port.o
                                0x2b0 (size before relaxing)
 .debug_str     0x00000685       0xcf Source/portable/MemMang/heap_1.o
                                0x245 (size before relaxing)
 .debug_str     0x00000754      0x43d Source/tasks.o
                                0x816 (size before relaxing)

.debug_loc      0x00000000     0x12b3
 *(.debug_loc)
 .debug_loc     0x00000000       0xd7 Drivers/led.o
 .debug_loc     0x000000d7      0x14a RTOS_HH.o
 .debug_loc     0x00000221       0xfe Source/list.o
 .debug_loc     0x0000031f      0x2ac Source/portable/GCC/ATMega323/port.o
 .debug_loc     0x000005cb       0xf1 Source/portable/MemMang/heap_1.o
 .debug_loc     0x000006bc      0xbf7 Source/tasks.o

.debug_macinfo
 *(.debug_macinfo)

.debug_weaknames
 *(.debug_weaknames)

.debug_funcnames
 *(.debug_funcnames)

.debug_typenames
 *(.debug_typenames)

.debug_varnames
 *(.debug_varnames)

.debug_pubtypes
 *(.debug_pubtypes)

.debug_ranges   0x00000000      0x1d0
 *(.debug_ranges)
 .debug_ranges  0x00000000       0x30 Drivers/led.o
 .debug_ranges  0x00000030       0x28 RTOS_HH.o
 .debug_ranges  0x00000058       0x30 Source/list.o
 .debug_ranges  0x00000088       0x38 Source/portable/GCC/ATMega323/port.o
 .debug_ranges  0x000000c0       0x28 Source/portable/MemMang/heap_1.o
 .debug_ranges  0x000000e8       0xe8 Source/tasks.o

.debug_macro
 *(.debug_macro)
OUTPUT(RTOS_HH.elf elf32-avr)
LOAD linker stubs
